###############################################################################
#
# IAR ELF Linker V9.10.1.308/W64 for ARM                  31/Dec/2023  02:11:39
# Copyright 2007-2021 IAR Systems AB.
#
#    Output file  =
#        C:\Abdo\ASU\CESS\Semester 7 - Fall23\CSE211 Introduction to Embedded
#        Systems\Project\lifi-transmitter\Debug\Exe\transmitter.out
#    Map file     =
#        C:\Abdo\ASU\CESS\Semester 7 - Fall23\CSE211 Introduction to Embedded
#        Systems\Project\lifi-transmitter\Debug\List\transmitter.map
#    Command line =
#        -f "C:\Abdo\ASU\CESS\Semester 7 - Fall23\CSE211 Introduction to
#        Embedded
#        Systems\Project\lifi-transmitter\Debug\Exe\transmitter.out.rsp"
#        ("C:\Abdo\ASU\CESS\Semester 7 - Fall23\CSE211 Introduction to Embedded
#        Systems\Project\lifi-transmitter\Debug\Obj\MCAL\ADC.o"
#        "C:\Abdo\ASU\CESS\Semester 7 - Fall23\CSE211 Introduction to Embedded
#        Systems\Project\lifi-transmitter\Debug\Obj\HAL\BT.o"
#        "C:\Abdo\ASU\CESS\Semester 7 - Fall23\CSE211 Introduction to Embedded
#        Systems\Project\lifi-transmitter\Debug\Obj\INC\delay.o"
#        "C:\Abdo\ASU\CESS\Semester 7 - Fall23\CSE211 Introduction to Embedded
#        Systems\Project\lifi-transmitter\Debug\Obj\MCAL\GPIO.o"
#        "C:\Abdo\ASU\CESS\Semester 7 - Fall23\CSE211 Introduction to Embedded
#        Systems\Project\lifi-transmitter\Debug\Obj\MCAL\GPTM.o"
#        "C:\Abdo\ASU\CESS\Semester 7 - Fall23\CSE211 Introduction to Embedded
#        Systems\Project\lifi-transmitter\Debug\Obj\HAL\LED.o"
#        "C:\Abdo\ASU\CESS\Semester 7 - Fall23\CSE211 Introduction to Embedded
#        Systems\Project\lifi-transmitter\Debug\Obj\main.o"
#        "C:\Abdo\ASU\CESS\Semester 7 - Fall23\CSE211 Introduction to Embedded
#        Systems\Project\lifi-transmitter\Debug\Obj\startup_ewarm.o"
#        "C:\Abdo\ASU\CESS\Semester 7 - Fall23\CSE211 Introduction to Embedded
#        Systems\Project\lifi-transmitter\Debug\Obj\MCAL\SYSTICK.o"
#        "C:\Abdo\ASU\CESS\Semester 7 - Fall23\CSE211 Introduction to Embedded
#        Systems\Project\lifi-transmitter\Debug\Obj\MCAL\UART.o"
#        "C:\Abdo\ASU\CESS\Semester 7 - Fall23\CSE211 Introduction to Embedded
#        Systems\Project\lifi-transmitter\Debug\Obj\HAL\ULTRASONIC.o"
#        --no_out_extension -o "C:\Abdo\ASU\CESS\Semester 7 - Fall23\CSE211
#        Introduction to Embedded
#        Systems\Project\lifi-transmitter\Debug\Exe\transmitter.out" --redirect
#        _Printf=_PrintfFullNoMb --redirect _Scanf=_ScanfFullNoMb --map
#        "C:\Abdo\ASU\CESS\Semester 7 - Fall23\CSE211 Introduction to Embedded
#        Systems\Project\lifi-transmitter\Debug\List\transmitter.map" --config
#        "C:\Program Files\IAR Systems\Embedded Workbench
#        9.0\arm\config\linker\TexasInstruments\TM4C123GH6.icf" --semihosting
#        --entry __iar_program_start --vfe --text_out locale)
#
###############################################################################

*******************************************************************************
*** RUNTIME MODEL ATTRIBUTES
***

CppFlavor       = *
__SystemLibrary = DLib
__dlib_version  = 6


*******************************************************************************
*** HEAP SELECTION
***

The basic heap was selected because no calls to memory allocation
functions were found in the application outside of system library
functions, and there are calls to deallocation functions in the
application.


*******************************************************************************
*** PLACEMENT SUMMARY
***

"A0":  place at address 0x0 { ro section .intvec };
"P1":  place in [from 0x0 to 0x3'ffff] { ro };
define block CSTACK with size = 4K, alignment = 8 { };
define block HEAP with size = 8K, alignment = 8 { };
"P2":  place in [from 0x2000'0000 to 0x2000'7fff] {
          rw, block CSTACK, block HEAP };
do not initialize { rw section .noinit };

  Section          Kind         Address   Size  Object
  -------          ----         -------   ----  ------
"A0":                                    0x26c
  .intvec          const            0x0  0x26c  startup_ewarm.o [1]
                                - 0x26c  0x26c

"P1":                                    0xf38
  .text            ro code        0x26c  0x458  GPIO.o [4]
  .text            ro code        0x6c4  0x2f0  main.o [1]
  .text            ro code        0x9b4   0x40  LED.o [2]
  .text            ro code        0x9f4   0xe4  ADC.o [4]
  .text            ro code        0xad8   0x46  BT.o [2]
  .text            ro code        0xb20   0xc4  GPTM.o [4]
  .text            ro code        0xbe4   0x1a  delay.o [3]
  .text            ro code        0xc00   0x88  ULTRASONIC.o [2]
  .text            ro code        0xc88  0x128  UART.o [4]
  .text            ro code        0xdb0   0x48  FltToDbl.o [6]
  .text            ro code        0xdf8  0x24e  DblAddSub.o [6]
  .text            ro code       0x1048   0x36  DblToS32.o [6]
  .text            ro code       0x107e   0x38  zero_init3.o [7]
  .text            ro code       0x10b8   0x28  data_init.o [7]
  .text            ro code       0x10e0   0x22  fpinit_M.o [6]
  .iar.init_table  const         0x1104   0x10  - Linker created -
  .text            ro code       0x1114   0x1e  cmain.o [7]
  .text            ro code       0x1132    0x4  low_level_init.o [5]
  .text            ro code       0x1136    0x4  exit.o [5]
  .text            ro code       0x113c    0xa  cexit.o [7]
  .text            ro code       0x1148   0x14  exit.o [8]
  .text            ro code       0x115c   0x1c  cstartup_M.o [7]
  .text            ro code       0x1178    0xe  startup_ewarm.o [1]
  .rodata          const         0x1188    0xc  main.o [1]
  .rodata          const         0x1194    0x8  main.o [1]
  .rodata          const         0x119c    0x8  main.o [1]
  .rodata          const         0x11a4    0x0  zero_init3.o [7]
                               - 0x11a4  0xf38

"P2", part 1 of 2:                         0xc
  .bss             zero     0x2000'0000    0x4  main.o [1]
  .bss             zero     0x2000'0004    0x4  main.o [1]
  .bss             zero     0x2000'0008    0x1  main.o [1]
                          - 0x2000'0009    0x9

"P2", part 2 of 2:                       0x400
  .noinit          uninit   0x2000'000c  0x400  startup_ewarm.o [1]
                          - 0x2000'040c  0x400

Unused ranges:

         From           To      Size
         ----           --      ----
       0x11a4     0x3'ffff  0x3'ee5c
  0x2000'040c  0x2000'7fff    0x7bf4


*******************************************************************************
*** INIT TABLE
***

          Address      Size
          -------      ----
Zero (__iar_zero_init3)
    1 destination range, total size 0x9:
          0x2000'0000   0x9



*******************************************************************************
*** MODULE SUMMARY
***

    Module            ro code  ro data  rw data
    ------            -------  -------  -------
command line/config:
    -------------------------------------------
    Total:

C:\Abdo\ASU\CESS\Semester 7 - Fall23\CSE211 Introduction to Embedded Systems\Project\lifi-transmitter\Debug\Obj: [1]
    main.o                752       28        9
    startup_ewarm.o        14      620    1'024
    -------------------------------------------
    Total:                766      648    1'033

C:\Abdo\ASU\CESS\Semester 7 - Fall23\CSE211 Introduction to Embedded Systems\Project\lifi-transmitter\Debug\Obj\HAL: [2]
    BT.o                   70
    LED.o                  64
    ULTRASONIC.o          136
    -------------------------------------------
    Total:                270

C:\Abdo\ASU\CESS\Semester 7 - Fall23\CSE211 Introduction to Embedded Systems\Project\lifi-transmitter\Debug\Obj\INC: [3]
    delay.o                26
    -------------------------------------------
    Total:                 26

C:\Abdo\ASU\CESS\Semester 7 - Fall23\CSE211 Introduction to Embedded Systems\Project\lifi-transmitter\Debug\Obj\MCAL: [4]
    ADC.o                 228
    GPIO.o              1'112
    GPTM.o                196
    UART.o                296
    -------------------------------------------
    Total:              1'832

dl7M_tln.a: [5]
    exit.o                  4
    low_level_init.o        4
    -------------------------------------------
    Total:                  8

m7M_tls.a: [6]
    DblAddSub.o           590
    DblToS32.o             54
    FltToDbl.o             72
    fpinit_M.o             34
    -------------------------------------------
    Total:                750

rt7M_tl.a: [7]
    cexit.o                10
    cmain.o                30
    cstartup_M.o           28
    data_init.o            40
    zero_init3.o           56
    -------------------------------------------
    Total:                164

shb_l.a: [8]
    exit.o                 20
    -------------------------------------------
    Total:                 20

    Gaps                   12        4
    Linker created                  16
-----------------------------------------------
    Grand Total:        3'848      668    1'033


*******************************************************************************
*** ENTRY LIST
***

Entry                       Address   Size  Type      Object
-----                       -------   ----  ----      ------
.iar.init_table$$Base        0x1104          --   Gb  - Linker created -
.iar.init_table$$Limit       0x1114          --   Gb  - Linker created -
?main                        0x1115         Code  Gb  cmain.o [7]
ADC_Read                      0xa83   0x20  Code  Gb  ADC.o [4]
ADC_init                      0x9f5   0x8e  Code  Gb  ADC.o [4]
BT_Write                      0xaef   0x10  Code  Gb  BT.o [2]
BT_WriteStr                   0xb09   0x16  Code  Gb  BT.o [2]
FaultISR                     0x1183    0x2  Code  Lc  startup_ewarm.o [1]
GPIO_clearPin                 0x547   0x92  Code  Gb  GPIO.o [4]
GPIO_init                     0x26d  0x266  Code  Gb  GPIO.o [4]
GPIO_readPin                  0x5d9   0x66  Code  Gb  GPIO.o [4]
GPIO_setPin                   0x4d3   0x74  Code  Gb  GPIO.o [4]
HC05_init                     0xad9   0x16  Code  Gb  BT.o [2]
IntDefaultHandler            0x1185    0x2  Code  Lc  startup_ewarm.o [1]
LED_init                      0x9b5   0x28  Code  Gb  LED.o [2]
NmiSR                        0x1181    0x2  Code  Lc  startup_ewarm.o [1]
PortA_Handler                 0x8d3   0x36  Code  Gb  main.o [1]
PortA_Init                    0x779   0x78  Code  Gb  main.o [1]
PortB_Init                    0x7f1   0x62  Code  Gb  main.o [1]
PortF_Handler                 0x909   0x2c  Code  Gb  main.o [1]
Region$$Table$$Base          0x1104          --   Gb  - Linker created -
Region$$Table$$Limit         0x1114          --   Gb  - Linker created -
ResetISR                     0x1179    0x8  Code  Gb  startup_ewarm.o [1]
SWITCH_init                   0x853   0x80  Code  Gb  main.o [1]
TIMER1A_DELAY_MILLI           0xb6d   0x50  Code  Gb  GPTM.o [4]
TIMERA_init                   0xb21   0x4c  Code  Gb  GPTM.o [4]
UART_init                     0xc89  0x128  Code  Gb  UART.o [4]
__aeabi_d2iz                 0x1049         Code  Gb  DblToS32.o [6]
__aeabi_dadd                  0xdf9         Code  Gb  DblAddSub.o [6]
__aeabi_f2d                   0xdb1         Code  Gb  FltToDbl.o [6]
__cmain                      0x1115         Code  Gb  cmain.o [7]
__exit                       0x1149   0x14  Code  Gb  exit.o [8]
__iar_data_init3             0x10b9   0x28  Code  Gb  data_init.o [7]
__iar_init_vfp               0x10e1         Code  Gb  fpinit_M.o [6]
__iar_program_start          0x115d         Code  Gb  cstartup_M.o [7]
__iar_zero_init3             0x107f   0x38  Code  Gb  zero_init3.o [7]
__low_level_init             0x1133    0x4  Code  Gb  low_level_init.o [5]
__vector_table                  0x0  0x26c  Data  Gb  startup_ewarm.o [1]
_call_main                   0x1121         Code  Gb  cmain.o [7]
_exit                        0x113d         Code  Gb  cexit.o [7]
blueOff                       0x9e9    0xc  Code  Gb  LED.o [2]
blueOn                        0x9dd    0xc  Code  Gb  LED.o [2]
delayMs                       0xbe5   0x1a  Code  Gb  delay.o [3]
distance                0x2000'0000    0x4  Data  Gb  main.o [1]
exit                         0x1137    0x4  Code  Gb  exit.o [5]
flameValue              0x2000'0004    0x4  Data  Gb  main.o [1]
main                          0x6c5   0xb4  Code  Gb  main.o [1]
pui32Stack              0x2000'000c  0x400  Data  Lc  startup_ewarm.o [1]
state                   0x2000'0008    0x1  Data  Gb  main.o [1]
ultrasonicDistance            0xc01   0x88  Code  Gb  ULTRASONIC.o [2]


[1] = C:\Abdo\ASU\CESS\Semester 7 - Fall23\CSE211 Introduction to Embedded Systems\Project\lifi-transmitter\Debug\Obj
[2] = C:\Abdo\ASU\CESS\Semester 7 - Fall23\CSE211 Introduction to Embedded Systems\Project\lifi-transmitter\Debug\Obj\HAL
[3] = C:\Abdo\ASU\CESS\Semester 7 - Fall23\CSE211 Introduction to Embedded Systems\Project\lifi-transmitter\Debug\Obj\INC
[4] = C:\Abdo\ASU\CESS\Semester 7 - Fall23\CSE211 Introduction to Embedded Systems\Project\lifi-transmitter\Debug\Obj\MCAL
[5] = dl7M_tln.a
[6] = m7M_tls.a
[7] = rt7M_tl.a
[8] = shb_l.a

  3'848 bytes of readonly  code memory
    668 bytes of readonly  data memory
  1'033 bytes of readwrite data memory

Errors: none
Warnings: none
