###############################################################################
#
# IAR ELF Linker V9.10.1.308/W64 for ARM                  02/Jan/2024  18:51:41
# Copyright 2007-2021 IAR Systems AB.
#
#    Output file  =
#        C:\Abdo\ASU\CESS\Semester 7 - Fall23\CSE211 Introduction to Embedded
#        Systems\Project\lifi-transmitter\Debug\Exe\transmitter.out
#    Map file     =
#        C:\Abdo\ASU\CESS\Semester 7 - Fall23\CSE211 Introduction to Embedded
#        Systems\Project\lifi-transmitter\Debug\List\transmitter.map
#    Command line =
#        -f "C:\Abdo\ASU\CESS\Semester 7 - Fall23\CSE211 Introduction to
#        Embedded
#        Systems\Project\lifi-transmitter\Debug\Exe\transmitter.out.rsp"
#        ("C:\Abdo\ASU\CESS\Semester 7 - Fall23\CSE211 Introduction to Embedded
#        Systems\Project\lifi-transmitter\Debug\Obj\MCAL\ADC.o"
#        "C:\Abdo\ASU\CESS\Semester 7 - Fall23\CSE211 Introduction to Embedded
#        Systems\Project\lifi-transmitter\Debug\Obj\HAL\BT.o"
#        "C:\Abdo\ASU\CESS\Semester 7 - Fall23\CSE211 Introduction to Embedded
#        Systems\Project\lifi-transmitter\Debug\Obj\INC\delay.o"
#        "C:\Abdo\ASU\CESS\Semester 7 - Fall23\CSE211 Introduction to Embedded
#        Systems\Project\lifi-transmitter\Debug\Obj\MCAL\GPIO.o"
#        "C:\Abdo\ASU\CESS\Semester 7 - Fall23\CSE211 Introduction to Embedded
#        Systems\Project\lifi-transmitter\Debug\Obj\MCAL\GPTM.o"
#        "C:\Abdo\ASU\CESS\Semester 7 - Fall23\CSE211 Introduction to Embedded
#        Systems\Project\lifi-transmitter\Debug\Obj\HAL\LED.o"
#        "C:\Abdo\ASU\CESS\Semester 7 - Fall23\CSE211 Introduction to Embedded
#        Systems\Project\lifi-transmitter\Debug\Obj\main.o"
#        "C:\Abdo\ASU\CESS\Semester 7 - Fall23\CSE211 Introduction to Embedded
#        Systems\Project\lifi-transmitter\Debug\Obj\startup_ewarm.o"
#        "C:\Abdo\ASU\CESS\Semester 7 - Fall23\CSE211 Introduction to Embedded
#        Systems\Project\lifi-transmitter\Debug\Obj\MCAL\SYSTICK.o"
#        "C:\Abdo\ASU\CESS\Semester 7 - Fall23\CSE211 Introduction to Embedded
#        Systems\Project\lifi-transmitter\Debug\Obj\MCAL\UART.o"
#        "C:\Abdo\ASU\CESS\Semester 7 - Fall23\CSE211 Introduction to Embedded
#        Systems\Project\lifi-transmitter\Debug\Obj\HAL\ULTRASONIC.o"
#        --no_out_extension -o "C:\Abdo\ASU\CESS\Semester 7 - Fall23\CSE211
#        Introduction to Embedded
#        Systems\Project\lifi-transmitter\Debug\Exe\transmitter.out" --redirect
#        _Printf=_PrintfFullNoMb --redirect _Scanf=_ScanfFullNoMb --map
#        "C:\Abdo\ASU\CESS\Semester 7 - Fall23\CSE211 Introduction to Embedded
#        Systems\Project\lifi-transmitter\Debug\List\transmitter.map" --config
#        "C:\Program Files\IAR Systems\Embedded Workbench
#        9.0\arm\config\linker\TexasInstruments\TM4C123GH6.icf" --semihosting
#        --entry __iar_program_start --vfe --text_out locale)
#
###############################################################################

*******************************************************************************
*** RUNTIME MODEL ATTRIBUTES
***

CppFlavor       = *
__SystemLibrary = DLib
__dlib_version  = 6


*******************************************************************************
*** HEAP SELECTION
***

The basic heap was selected because no calls to memory allocation
functions were found in the application outside of system library
functions, and there are calls to deallocation functions in the
application.


*******************************************************************************
*** PLACEMENT SUMMARY
***

"A0":  place at address 0x0 { ro section .intvec };
"P1":  place in [from 0x0 to 0x3'ffff] { ro };
define block CSTACK with size = 4K, alignment = 8 { };
define block HEAP with size = 8K, alignment = 8 { };
"P2":  place in [from 0x2000'0000 to 0x2000'7fff] {
          rw, block CSTACK, block HEAP };
do not initialize { rw section .noinit };

  Section          Kind         Address    Size  Object
  -------          ----         -------    ----  ------
"A0":                                     0x26c
  .intvec          const            0x0   0x26c  startup_ewarm.o [1]
                                - 0x26c   0x26c

"P1":                                    0x105c
  .text            ro code        0x26c   0x4dc  GPIO.o [4]
  .text            ro code        0x748   0x2ec  main.o [1]
  .text            ro code        0xa34    0x74  LED.o [2]
  .text            ro code        0xaa8    0xe4  ADC.o [4]
  .text            ro code        0xb8c    0x46  BT.o [2]
  .text            ro code        0xbd4    0xc4  GPTM.o [4]
  .text            ro code        0xc98    0x1a  delay.o [3]
  .text            ro code        0xcb4    0x70  SYSTICK.o [4]
  .text            ro code        0xd24    0x88  ULTRASONIC.o [2]
  .text            ro code        0xdac   0x128  UART.o [4]
  .text            ro code        0xed4    0x48  FltToDbl.o [6]
  .text            ro code        0xf1c   0x24e  DblAddSub.o [6]
  .text            ro code       0x116c    0x36  DblToS32.o [6]
  .text            ro code       0x11a2    0x38  zero_init3.o [7]
  .text            ro code       0x11dc    0x28  data_init.o [7]
  .text            ro code       0x1204    0x22  fpinit_M.o [6]
  .iar.init_table  const         0x1228    0x10  - Linker created -
  .text            ro code       0x1238    0x1e  cmain.o [7]
  .text            ro code       0x1256     0x4  low_level_init.o [5]
  .text            ro code       0x125a     0x4  exit.o [5]
  .text            ro code       0x1260     0xa  cexit.o [7]
  .text            ro code       0x126c    0x14  exit.o [8]
  .text            ro code       0x1280    0x1c  cstartup_M.o [7]
  .text            ro code       0x129c     0xe  startup_ewarm.o [1]
  .rodata          const         0x12ac     0xc  main.o [1]
  .rodata          const         0x12b8     0x8  main.o [1]
  .rodata          const         0x12c0     0x8  main.o [1]
  .rodata          const         0x12c8     0x0  zero_init3.o [7]
                               - 0x12c8  0x105c

"P2", part 1 of 2:                          0xc
  .bss             zero     0x2000'0000     0x4  main.o [1]
  .bss             zero     0x2000'0004     0x4  main.o [1]
  .bss             zero     0x2000'0008     0x1  main.o [1]
                          - 0x2000'0009     0x9

"P2", part 2 of 2:                        0x400
  .noinit          uninit   0x2000'000c   0x400  startup_ewarm.o [1]
                          - 0x2000'040c   0x400

Unused ranges:

         From           To      Size
         ----           --      ----
       0x12c8     0x3'ffff  0x3'ed38
  0x2000'040c  0x2000'7fff    0x7bf4


*******************************************************************************
*** INIT TABLE
***

          Address      Size
          -------      ----
Zero (__iar_zero_init3)
    1 destination range, total size 0x9:
          0x2000'0000   0x9



*******************************************************************************
*** MODULE SUMMARY
***

    Module            ro code  ro data  rw data
    ------            -------  -------  -------
command line/config:
    -------------------------------------------
    Total:

C:\Abdo\ASU\CESS\Semester 7 - Fall23\CSE211 Introduction to Embedded Systems\Project\lifi-transmitter\Debug\Obj: [1]
    main.o                748       28        9
    startup_ewarm.o        14      620    1'024
    -------------------------------------------
    Total:                762      648    1'033

C:\Abdo\ASU\CESS\Semester 7 - Fall23\CSE211 Introduction to Embedded Systems\Project\lifi-transmitter\Debug\Obj\HAL: [2]
    BT.o                   70
    LED.o                 116
    ULTRASONIC.o          136
    -------------------------------------------
    Total:                322

C:\Abdo\ASU\CESS\Semester 7 - Fall23\CSE211 Introduction to Embedded Systems\Project\lifi-transmitter\Debug\Obj\INC: [3]
    delay.o                26
    -------------------------------------------
    Total:                 26

C:\Abdo\ASU\CESS\Semester 7 - Fall23\CSE211 Introduction to Embedded Systems\Project\lifi-transmitter\Debug\Obj\MCAL: [4]
    ADC.o                 228
    GPIO.o              1'244
    GPTM.o                196
    SYSTICK.o             112
    UART.o                296
    -------------------------------------------
    Total:              2'076

dl7M_tln.a: [5]
    exit.o                  4
    low_level_init.o        4
    -------------------------------------------
    Total:                  8

m7M_tls.a: [6]
    DblAddSub.o           590
    DblToS32.o             54
    FltToDbl.o             72
    fpinit_M.o             34
    -------------------------------------------
    Total:                750

rt7M_tl.a: [7]
    cexit.o                10
    cmain.o                30
    cstartup_M.o           28
    data_init.o            40
    zero_init3.o           56
    -------------------------------------------
    Total:                164

shb_l.a: [8]
    exit.o                 20
    -------------------------------------------
    Total:                 20

    Gaps                   12        4
    Linker created                  16
-----------------------------------------------
    Grand Total:        4'140      668    1'033


*******************************************************************************
*** ENTRY LIST
***

Entry                       Address   Size  Type      Object
-----                       -------   ----  ----      ------
.iar.init_table$$Base        0x1228          --   Gb  - Linker created -
.iar.init_table$$Limit       0x1238          --   Gb  - Linker created -
?main                        0x1239         Code  Gb  cmain.o [7]
ADC_Read                      0xb37   0x20  Code  Gb  ADC.o [4]
ADC_init                      0xaa9   0x8e  Code  Gb  ADC.o [4]
BT_Write                      0xba3   0x10  Code  Gb  BT.o [2]
BT_WriteStr                   0xbbd   0x16  Code  Gb  BT.o [2]
FaultISR                     0x12a7    0x2  Code  Lc  startup_ewarm.o [1]
GPIO_clearPin                 0x547   0x92  Code  Gb  GPIO.o [4]
GPIO_init                     0x26d  0x266  Code  Gb  GPIO.o [4]
GPIO_readPin                  0x65f   0x66  Code  Gb  GPIO.o [4]
GPIO_setPin                   0x4d3   0x74  Code  Gb  GPIO.o [4]
GPIO_togglePin                0x5d9   0x86  Code  Gb  GPIO.o [4]
HC05_init                     0xb8d   0x16  Code  Gb  BT.o [2]
IntDefaultHandler            0x12a9    0x2  Code  Lc  startup_ewarm.o [1]
LED_init                      0xa35   0x28  Code  Gb  LED.o [2]
NmiSR                        0x12a5    0x2  Code  Lc  startup_ewarm.o [1]
PortA_Handler                 0x94b   0x36  Code  Gb  main.o [1]
PortA_Init                    0x7f1   0x78  Code  Gb  main.o [1]
PortB_Init                    0x869   0x62  Code  Gb  main.o [1]
PortF_Handler                 0x981   0x34  Code  Gb  main.o [1]
Region$$Table$$Base          0x1228          --   Gb  - Linker created -
Region$$Table$$Limit         0x1238          --   Gb  - Linker created -
ResetISR                     0x129d    0x8  Code  Gb  startup_ewarm.o [1]
SWITCH_init                   0x8cb   0x80  Code  Gb  main.o [1]
SysTickClkSrc                 0xcd1    0xe  Code  Gb  SYSTICK.o [4]
SysTickDisable                0xcb5    0xe  Code  Gb  SYSTICK.o [4]
SysTickEnable                 0xcc3    0xe  Code  Gb  SYSTICK.o [4]
SysTickPeriodSet              0xcdf    0xe  Code  Gb  SYSTICK.o [4]
SysTick_Is_Time_out           0xced    0xe  Code  Gb  SYSTICK.o [4]
SysTick_delayMs               0xd05   0x20  Code  Gb  SYSTICK.o [4]
TIMER1A_DELAY_MICRO           0xc21   0x50  Code  Gb  GPTM.o [4]
TIMERA_init                   0xbd5   0x4c  Code  Gb  GPTM.o [4]
UART_init                     0xdad  0x128  Code  Gb  UART.o [4]
__aeabi_d2iz                 0x116d         Code  Gb  DblToS32.o [6]
__aeabi_dadd                  0xf1d         Code  Gb  DblAddSub.o [6]
__aeabi_f2d                   0xed5         Code  Gb  FltToDbl.o [6]
__cmain                      0x1239         Code  Gb  cmain.o [7]
__exit                       0x126d   0x14  Code  Gb  exit.o [8]
__iar_data_init3             0x11dd   0x28  Code  Gb  data_init.o [7]
__iar_init_vfp               0x1205         Code  Gb  fpinit_M.o [6]
__iar_program_start          0x1281         Code  Gb  cstartup_M.o [7]
__iar_zero_init3             0x11a3   0x38  Code  Gb  zero_init3.o [7]
__low_level_init             0x1257    0x4  Code  Gb  low_level_init.o [5]
__vector_table                  0x0  0x26c  Data  Gb  startup_ewarm.o [1]
_call_main                   0x1245         Code  Gb  cmain.o [7]
_exit                        0x1261         Code  Gb  cexit.o [7]
blueOff                       0xa81    0xc  Code  Gb  LED.o [2]
blueOn                        0xa69    0xc  Code  Gb  LED.o [2]
delayMs                       0xc99   0x1a  Code  Gb  delay.o [3]
distance                0x2000'0000    0x4  Data  Gb  main.o [1]
exit                         0x125b    0x4  Code  Gb  exit.o [5]
flameValue              0x2000'0004    0x4  Data  Gb  main.o [1]
greenOff                      0xa8d    0xc  Code  Gb  LED.o [2]
main                          0x749   0xa8  Code  Gb  main.o [1]
pui32Stack              0x2000'000c  0x400  Data  Lc  startup_ewarm.o [1]
redOff                        0xa75    0xc  Code  Gb  LED.o [2]
state                   0x2000'0008    0x1  Data  Gb  main.o [1]
toggleGreen                   0xa5d    0xc  Code  Gb  LED.o [2]
ultrasonicDistance            0xd25   0x88  Code  Gb  ULTRASONIC.o [2]
whiteOff                      0xa99   0x10  Code  Gb  LED.o [2]


[1] = C:\Abdo\ASU\CESS\Semester 7 - Fall23\CSE211 Introduction to Embedded Systems\Project\lifi-transmitter\Debug\Obj
[2] = C:\Abdo\ASU\CESS\Semester 7 - Fall23\CSE211 Introduction to Embedded Systems\Project\lifi-transmitter\Debug\Obj\HAL
[3] = C:\Abdo\ASU\CESS\Semester 7 - Fall23\CSE211 Introduction to Embedded Systems\Project\lifi-transmitter\Debug\Obj\INC
[4] = C:\Abdo\ASU\CESS\Semester 7 - Fall23\CSE211 Introduction to Embedded Systems\Project\lifi-transmitter\Debug\Obj\MCAL
[5] = dl7M_tln.a
[6] = m7M_tls.a
[7] = rt7M_tl.a
[8] = shb_l.a

  4'140 bytes of readonly  code memory
    668 bytes of readonly  data memory
  1'033 bytes of readwrite data memory

Errors: none
Warnings: none
